// Jest Snapshot v1, https://goo.gl/fbAQLP

exports[`Footer.vue should render correctly 1`] = `
<footer
  class="v-footer v-sheet v-sheet--tile theme--dark dark"
  style="height: 40px;"
>
  <div
    class="d-flex justify-center"
    style="width: 100%;"
  >
    
    Tech Stuff
  
  </div>
</footer>
`;
