// Jest Snapshot v1, https://goo.gl/fbAQLP

exports[`CategoriesFilter.vue should render correctly 1`] = `
<div
  class="categories-filter pa-3"
>
  <div
    class="v-input theme--light v-input--selection-controls v-input--radio-group v-input--radio-group--column"
  >
    <div
      class="v-input__control"
    >
      <div
        class="v-input__slot"
        style="height: auto;"
      >
        <div
          aria-labelledby="input-21"
          class="v-input--radio-group__input"
          role="radiogroup"
        >
          <div
            class="v-radio mb-2 category-check theme--light v-item--active"
          >
            <div
              class="v-input--selection-controls__input"
            >
              <input
                aria-checked="true"
                id="input-22"
                name="radio-21"
                role="radio"
                type="radio"
                value="0"
              />
              <div
                class="v-input--selection-controls__ripple primary--text"
              />
              <i
                aria-hidden="true"
                class="v-icon notranslate mdi mdi-radiobox-marked theme--light primary--text"
              />
            </div>
          </div>
        </div>
      </div>
      <div
        class="v-messages theme--light"
      >
        <span
          class="v-messages__wrapper"
          name="message-transition"
          tag="div"
        />
      </div>
    </div>
  </div>
</div>
`;
