// Jest Snapshot v1, https://goo.gl/fbAQLP

exports[`ProductDetails.vue should render correctly 1`] = `
<div
  class="row"
>
  <div
    class="col col-10 offset-1"
  >
    <div
      class="product-details v-card v-sheet theme--light"
    >
      <div
        class="container py-0 mt-10"
      >
        <div
          class="row"
        >
          <div
            class="col"
          >
            <span>
              Loading...
            </span>
          </div>
        </div>
      </div>
    </div>
  </div>
</div>
`;
